// Jest Snapshot v1, https://goo.gl/fbAQLP

exports[`Pending note renders correctly. 1`] = `
<View
  accessibilityState={
    {
      "busy": undefined,
      "checked": undefined,
      "disabled": undefined,
      "expanded": undefined,
      "selected": undefined,
    }
  }
  accessibilityValue={
    {
      "max": undefined,
      "min": undefined,
      "now": undefined,
      "text": undefined,
    }
  }
  accessible={true}
  collapsable={false}
  focusable={true}
  onBlur={[Function]}
  onClick={[Function]}
  onFocus={[Function]}
  onResponderGrant={[Function]}
  onResponderMove={[Function]}
  onResponderRelease={[Function]}
  onResponderTerminate={[Function]}
  onResponderTerminationRequest={[Function]}
  onStartShouldSetResponder={[Function]}
>
  <View
    style={
      {
        "backgroundColor": "#f9e889",
        "borderRadius": 5,
        "height": 266.8,
        "margin": 8,
        "paddingLeft": 10,
        "paddingRight": 10,
        "paddingTop": 10,
        "shadowOffset": {
          "height": 1,
        },
        "shadowOpacity": 0.25,
        "shadowRadius": 2,
        "width": 340.9090909090909,
      }
    }
  >
    <Text
      style={
        {
          "fontSize": 16,
          "fontWeight": "600",
          "marginBottom": 5,
        }
      }
    />
    <Text
      style={
        {
          "fontSize": 15,
        }
      }
    />
  </View>
</View>
`;
