// Jest Snapshot v1, https://goo.gl/fbAQLP

exports[`LoginWithGoogle button renders correctly. 1`] = `
<View
  accessibilityState={
    {
      "busy": undefined,
      "checked": undefined,
      "disabled": undefined,
      "expanded": undefined,
      "selected": undefined,
    }
  }
  accessibilityValue={
    {
      "max": undefined,
      "min": undefined,
      "now": undefined,
      "text": undefined,
    }
  }
  accessible={true}
  collapsable={false}
  focusable={true}
  onBlur={[Function]}
  onClick={[Function]}
  onFocus={[Function]}
  onResponderGrant={[Function]}
  onResponderMove={[Function]}
  onResponderRelease={[Function]}
  onResponderTerminate={[Function]}
  onResponderTerminationRequest={[Function]}
  onStartShouldSetResponder={[Function]}
  style={
    {
      "alignItems": "center",
      "backgroundColor": "#FFFDF3",
      "borderColor": "lightgray",
      "borderRadius": 20,
      "borderWidth": 1,
      "elevation": 1,
      "flexDirection": "row",
      "justifyContent": "space-around",
      "marginBottom": 5,
      "marginTop": 5,
      "padding": 10,
      "shadowColor": "#000",
      "shadowOffset": {
        "height": 1,
        "width": 0,
      },
      "shadowOpacity": 0.18,
      "shadowRadius": 1,
      "width": 200,
    }
  }
>
  <Text />
  <Text>
    Continue with Google
  </Text>
</View>
`;
