// Jest Snapshot v1, https://goo.gl/fbAQLP

exports[`UserBoard screen renders correctly. 1`] = `null`;
