// Jest Snapshot v1, https://goo.gl/fbAQLP

exports[`Create account button renders correctly. 1`] = `
<View
  accessibilityState={
    {
      "busy": undefined,
      "checked": undefined,
      "disabled": undefined,
      "expanded": undefined,
      "selected": undefined,
    }
  }
  accessibilityValue={
    {
      "max": undefined,
      "min": undefined,
      "now": undefined,
      "text": undefined,
    }
  }
  accessible={true}
  collapsable={false}
  focusable={true}
  onBlur={[Function]}
  onClick={[Function]}
  onFocus={[Function]}
  onResponderGrant={[Function]}
  onResponderMove={[Function]}
  onResponderRelease={[Function]}
  onResponderTerminate={[Function]}
  onResponderTerminationRequest={[Function]}
  onStartShouldSetResponder={[Function]}
  style={
    {
      "alignItems": "center",
      "backgroundColor": "#c99c1f",
      "borderColor": "#c99c1f",
      "borderRadius": 5,
      "borderWidth": 1,
      "elevation": 1,
      "height": 66.7,
      "justifyContent": "center",
      "padding": 10,
      "shadowColor": "#000",
      "shadowOffset": {
        "height": 1,
        "width": 0,
      },
      "shadowOpacity": 0.18,
      "shadowRadius": 1,
      "width": 500,
    }
  }
>
  <Text
    style={
      {
        "fontWeight": "600",
      }
    }
  >
    Get Started
  </Text>
</View>
`;
