// Jest Snapshot v1, https://goo.gl/fbAQLP

exports[`FriendsBoard screen renders correctly. 1`] = `
<View
  accessibilityState={
    {
      "busy": undefined,
      "checked": undefined,
      "disabled": undefined,
      "expanded": undefined,
      "selected": undefined,
    }
  }
  accessible={true}
  focusable={true}
  onClick={[Function]}
  onResponderGrant={[Function]}
  onResponderMove={[Function]}
  onResponderRelease={[Function]}
  onResponderTerminate={[Function]}
  onResponderTerminationRequest={[Function]}
  onStartShouldSetResponder={[Function]}
  style={
    {
      "backgroundColor": "#FFFDF3",
      "flex": 1,
      "justifyContent": "space-between",
    }
  }
>
  <View>
    <TextInput
      autoCapitalize="sentences"
      autoCorrect={false}
      maxLength={100}
      multiline={true}
      onChangeText={[Function]}
      placeholder="NEW NOTE"
      style={
        {
          "backgroundColor": "#FFF",
          "fontSize": 17,
          "fontWeight": "bold",
          "height": 71.72043010752688,
          "letterSpacing": 0.5,
          "paddingTop": 10,
          "shadowOffset": {
            "height": 1,
            "width": 0,
          },
          "shadowOpacity": 0.18,
          "shadowRadius": 1,
          "textAlign": "center",
          "width": 750,
        }
      }
      value=""
    />
    <View
      accessibilityState={
        {
          "busy": undefined,
          "checked": undefined,
          "disabled": undefined,
          "expanded": undefined,
          "selected": undefined,
        }
      }
      accessibilityValue={
        {
          "max": undefined,
          "min": undefined,
          "now": undefined,
          "text": undefined,
        }
      }
      accessible={true}
      collapsable={false}
      focusable={true}
      onBlur={[Function]}
      onClick={[Function]}
      onFocus={[Function]}
      onResponderGrant={[Function]}
      onResponderMove={[Function]}
      onResponderRelease={[Function]}
      onResponderTerminate={[Function]}
      onResponderTerminationRequest={[Function]}
      onStartShouldSetResponder={[Function]}
      style={
        {
          "backgroundColor": "#FFF",
          "height": 72.5,
          "justifyContent": "center",
          "shadowOffset": {
            "height": 0.5,
            "width": 0,
          },
          "shadowOpacity": 0.1,
          "shadowRadius": 0.5,
          "width": 750,
          "zIndex": 1000,
        }
      }
    >
      <Text
        style={
          {
            "alignSelf": "center",
            "elevation": 1,
            "fontSize": 17,
            "fontWeight": "bold",
            "letterSpacing": 1,
            "shadowOffset": {
              "height": 1,
              "width": 0,
            },
            "shadowOpacity": 0.18,
            "shadowRadius": 1,
          }
        }
      >
        CREATE NOTE
      </Text>
    </View>
    <Text
      style={
        {
          "alignSelf": "center",
          "fontStyle": "italic",
          "margin": 10,
        }
      }
    />
  </View>
  <View
    accessibilityState={
      {
        "busy": undefined,
        "checked": undefined,
        "disabled": undefined,
        "expanded": undefined,
        "selected": undefined,
      }
    }
    accessibilityValue={
      {
        "max": undefined,
        "min": undefined,
        "now": undefined,
        "text": undefined,
      }
    }
    accessible={true}
    collapsable={false}
    focusable={true}
    onBlur={[Function]}
    onClick={[Function]}
    onFocus={[Function]}
    onResponderGrant={[Function]}
    onResponderMove={[Function]}
    onResponderRelease={[Function]}
    onResponderTerminate={[Function]}
    onResponderTerminationRequest={[Function]}
    onStartShouldSetResponder={[Function]}
    style={
      {
        "backgroundColor": "#FFF",
        "height": 107.58064516129032,
        "justifyContent": "center",
        "paddingBottom": 13.34,
        "shadowOffset": {
          "height": 0.5,
          "width": 0,
        },
        "shadowOpacity": 0.1,
        "shadowRadius": 0.5,
        "width": 750,
        "zIndex": 1000,
      }
    }
  >
    <Text
      style={
        {
          "alignSelf": "center",
          "elevation": 1,
          "fontSize": 17,
          "fontWeight": "bold",
          "letterSpacing": 2,
          "shadowOffset": {
            "height": 1,
            "width": 0,
          },
          "shadowOpacity": 0.18,
          "shadowRadius": 1,
        }
      }
    >
      REMOVE FRIEND
    </Text>
  </View>
</View>
`;
