// Jest Snapshot v1, https://goo.gl/fbAQLP

exports[`LoginWithApple button renders correctly. 1`] = `
<Modal
  animationType="slide"
  hardwareAccelerated={false}
  transparent={true}
  visible={true}
>
  <View
    style={
      {
        "flex": 1,
        "justifyContent": "center",
        "marginTop": 22,
      }
    }
  >
    <View
      style={
        {
          "backgroundColor": "white",
          "borderRadius": 20,
          "elevation": 5,
          "margin": 20,
          "padding": 35,
          "shadowColor": "#000",
          "shadowOffset": {
            "height": 2,
            "width": 0,
          },
          "shadowOpacity": 0.25,
          "shadowRadius": 4,
        }
      }
    >
      <Text
        style={
          {
            "fontSize": 20,
            "fontWeight": "600",
            "marginBottom": 10,
          }
        }
      >
        Where should we send a reset link?
      </Text>
      <Text
        style={
          {
            "marginBottom": 10,
          }
        }
      >
        Enter the email associated with your account to reset your password.
      </Text>
      <TextInput
        onChangeText={[Function]}
        placeholder="Email"
        style={
          {
            "borderColor": "lightgray",
            "borderRadius": 5,
            "borderWidth": 1,
            "marginBottom": 25,
            "padding": 10,
          }
        }
        value=""
      />
      <View
        style={
          {
            "flexDirection": "row",
            "justifyContent": "space-between",
          }
        }
      >
        <View
          accessibilityState={
            {
              "busy": undefined,
              "checked": undefined,
              "disabled": undefined,
              "expanded": undefined,
              "selected": undefined,
            }
          }
          accessibilityValue={
            {
              "max": undefined,
              "min": undefined,
              "now": undefined,
              "text": undefined,
            }
          }
          accessible={true}
          collapsable={false}
          focusable={true}
          onBlur={[Function]}
          onClick={[Function]}
          onFocus={[Function]}
          onResponderGrant={[Function]}
          onResponderMove={[Function]}
          onResponderRelease={[Function]}
          onResponderTerminate={[Function]}
          onResponderTerminationRequest={[Function]}
          onStartShouldSetResponder={[Function]}
          style={
            {
              "backgroundColor": "black",
              "borderRadius": 5,
              "padding": 10,
              "width": 100,
            }
          }
        >
          <Text
            style={
              {
                "color": "white",
                "fontWeight": "600",
                "letterSpacing": 1,
                "textAlign": "center",
              }
            }
          >
            Send
          </Text>
        </View>
        <View
          accessibilityState={
            {
              "busy": undefined,
              "checked": undefined,
              "disabled": undefined,
              "expanded": undefined,
              "selected": undefined,
            }
          }
          accessibilityValue={
            {
              "max": undefined,
              "min": undefined,
              "now": undefined,
              "text": undefined,
            }
          }
          accessible={true}
          collapsable={false}
          focusable={true}
          onBlur={[Function]}
          onClick={[Function]}
          onFocus={[Function]}
          onResponderGrant={[Function]}
          onResponderMove={[Function]}
          onResponderRelease={[Function]}
          onResponderTerminate={[Function]}
          onResponderTerminationRequest={[Function]}
          onStartShouldSetResponder={[Function]}
          style={
            {
              "borderRadius": 5,
              "borderWidth": 1,
              "padding": 10,
              "width": 100,
            }
          }
        >
          <Text
            style={
              {
                "fontWeight": "600",
                "letterSpacing": 1,
                "textAlign": "center",
              }
            }
          >
            Back
          </Text>
        </View>
      </View>
    </View>
  </View>
</Modal>
`;
